info it worked if it ends with ok
verbose cli [ 'C:\\Program Files\\nodejs\\\\node.exe',
verbose cli   'C:\\Program Files\\nodejs\\node_modules\\npm\\bin\\npm-cli.js',
verbose cli   'install',
verbose cli   'jitsu-ui' ]
info using npm@1.1.24
info using node@v0.6.19
verbose C:\Program Files\nodejs\\node.exe node symlink
verbose config file C:\Users\Ivo\.npmrc
verbose config file C:\Program Files\nodejs\etc\npmrc
verbose config file C:\Program Files\nodejs\node_modules\npm\npmrc
verbose caching C:\wamp\Git\Flexplayer NodeJS\node_modules\request\package.json
verbose loadDefaults request@2.12.0
verbose cache add [ 'jitsu-ui', null ]
silly cache add: name, spec, args [ undefined, 'jitsu-ui', [ 'jitsu-ui', null ] ]
verbose parsed url { pathname: 'jitsu-ui', path: 'jitsu-ui', href: 'jitsu-ui' }
verbose addNamed [ 'jitsu-ui', '' ]
verbose addNamed [ null, '' ]
silly name, range, hasData [ 'jitsu-ui', '', false ]
verbose raw, before any munging jitsu-ui
verbose url resolving [ 'https://registry.npmjs.org/', './jitsu-ui' ]
verbose url resolved https://registry.npmjs.org/jitsu-ui
http GET https://registry.npmjs.org/jitsu-ui
ERR! Error: SSL Error: CERT_UNTRUSTED
ERR!     at ClientRequest.<anonymous> (C:\Program Files\nodejs\node_modules\npm\node_modules\request\main.js:483:26)
ERR!     at ClientRequest.g (events.js:156:14)
ERR!     at ClientRequest.emit (events.js:67:17)
ERR!     at HTTPParser.parserOnIncomingClient [as onIncoming] (http.js:1256:7)
ERR!     at HTTPParser.parserOnHeadersComplete [as onHeadersComplete] (http.js:91:29)
ERR!     at CleartextStream.socketOnData [as ondata] (http.js:1288:20)
ERR!     at CleartextStream._push (tls.js:375:27)
ERR!     at SecurePair.cycle (tls.js:734:20)
ERR!     at EncryptedStream.write (tls.js:130:13)
ERR!     at Socket.ondata (stream.js:38:26)
ERR! You may report this log at:
ERR!     <http://github.com/isaacs/npm/issues>
ERR! or email it to:
ERR!     <npm-@googlegroups.com>
ERR! 
ERR! System Windows_NT 6.1.7601
ERR! command "C:\\Program Files\\nodejs\\\\node.exe" "C:\\Program Files\\nodejs\\node_modules\\npm\\bin\\npm-cli.js" "install" "jitsu-ui"
ERR! cwd C:\wamp\Git\Flexplayer NodeJS
ERR! node -v v0.6.19
ERR! npm -v 1.1.24
ERR! message SSL Error: CERT_UNTRUSTED
verbose exit [ 1, true ]
